---
source: crates/atlas-runtime/tests/assignment_target_tests.rs
expression: "program.items[0]"
---
Statement:
  Assign:
    target:
      Name:
        name: name
        span:
          start: 0
          end: 4
    value:
      Literal:
        - String: Alice
        - start: 7
          end: 14
    span:
      start: 0
      end: 15
