---
source: crates/atlas-cli/tests/ast_dump_tests.rs
expression: json
---
{
  "ast_version": 2,
  "items": [
    {
      "Statement": {
        "VarDecl": {
          "mutable": false,
          "name": {
            "name": "msg",
            "span": {
              "start": 4,
              "end": 7
            }
          },
          "type_ref": {
            "Named": [
              "string",
              {
                "start": 9,
                "end": 15
              }
            ]
          },
          "init": {
            "Literal": [
              {
                "String": "hello"
              },
              {
                "start": 18,
                "end": 25
              }
            ]
          },
          "span": {
            "start": 0,
            "end": 26
          }
        }
      }
    }
  ]
}
